// Jest Snapshot v1, https://goo.gl/fbAQLP

exports[`FilmModal/Episode renders correctly 1`] = `
<p
  className="MuiTypography-root makeStyles-episode-1 MuiTypography-body1"
>
  I
   episode
</p>
`;
