// Jest Snapshot v1, https://goo.gl/fbAQLP

exports[`FilmModal/Opening renders correctly 1`] = `
<p
  className="MuiTypography-root makeStyles-opening-1 MuiTypography-body1"
>
  text text text
</p>
`;
