// Jest Snapshot v1, https://goo.gl/fbAQLP

exports[`FilmModal/Actors renders correctly 1`] = `null`;
